// Jest Snapshot v1, https://goo.gl/fbAQLP

exports[`<ColdKeystoreAddress /> renders correctly 1`] = `
<TableRow
  as="tr"
  cellAs="td"
  negative={false}
>
  <TableCell
    as="td"
    colSpan="2"
  >
    <AddressInput
      error={false}
      fluid={true}
      hideDropdown={true}
      name="address"
      onChange={[Function]}
      placeholder="Enter Address"
      showQrScanner={false}
      size="small"
      value="0x12345"
    />
  </TableCell>
  <TableCell
    as="td"
  >
    <Input
      disabled={false}
      error={false}
      fluid={true}
      name="name"
      onChange={[Function]}
      placeholder="Enter Name"
      size="small"
      type="text"
      value="test name"
    />
  </TableCell>
  <TableCell
    as="td"
    style={
      Object {
        "minWidth": "9em",
      }
    }
    width="1"
  >
    <Connect(NetworkTokensSelector)
      disabled={false}
      formChange={[Function]}
      formData={
        Object {
          "address": "0x12345",
          "enabled": true,
          "exists": true,
          "name": "test name",
        }
      }
      modal={true}
    />
  </TableCell>
</TableRow>
`;
