// Jest Snapshot v1, https://goo.gl/fbAQLP

exports[`<ColdKeystoreTransactionSigner /> renders correctly 1`] = `
<div>
  <Menu
    fluid={true}
    widths={2}
  >
    <MenuItem
      active={true}
      onClick={[Function]}
    >
      1: Sign
    </MenuItem>
    <MenuItem
      active={false}
      onClick={[Function]}
    >
      2: Broadcast
    </MenuItem>
  </Menu>
  <QrCode
    data="{\\"to\\":\\"0x54341\\",\\"from\\":\\"0x543535\\",\\"data\\":{},\\"value\\":10,\\"nonce\\":10,\\"gas\\":100000,\\"gasPrice\\":2,\\"chainId\\":1}"
  />
</div>
`;
