// Jest Snapshot v1, https://goo.gl/fbAQLP

exports[`<ColdKeystoreCreationForm /> renders correctly 1`] = `
<div>
  <Table
    as="table"
  >
    <TableBody
      as="tbody"
    >
      <ColdKeystoreAddress
        data={
          Object {
            "networks": undefined,
            "tokens": undefined,
          }
        }
        editing={false}
        itemId="0"
        key="0"
        onChange={[Function]}
      />
    </TableBody>
  </Table>
  <div
    style={
      Object {
        "textAlign": "right",
      }
    }
  >
    <QRMultiButton
      header="Scan Multiple Addresses to Add"
      onScan={[Function]}
      validateScan={[Function]}
    />
  </div>
</div>
`;
