// Jest Snapshot v1, https://goo.gl/fbAQLP

exports[`<MultisigKeystoreDeployTxUi /> renders correctly 1`] = `
<TxVisualisation
  items={
    Array [
      Object {
        "color": "black",
        "data": "0x213452",
        "dataLink": "testPrefix0x213452",
        "header": "Sender",
        "icon": "testIcon",
        "subheader": "test network",
      },
      Object {
        "color": "blue",
        "data": "test network network",
        "header": "Deploy",
        "icon": "upload",
        "subheader": "Create new Contract",
      },
      Object {
        "color": "orange",
        "data": "2 approvals required",
        "header": "Multisig Wallet",
        "icon": "file text outline",
        "subheader": "5 owners",
      },
    ]
  }
/>
`;
