// Jest Snapshot v1, https://goo.gl/fbAQLP

exports[`<MultisigKeystoreDeployForm /> renders correctly 1`] = `
<FormField>
  <FormField>
    <label
      htmlFor="from"
    >
      From
    </label>
    <Connect(DefaultAddressSelector) />
  </FormField>
  <FormGroup
    widths="equal"
  >
    <FormField
      formChange={[Function]}
      formData={Object {}}
      label="Number of Initial Onwers"
      max={10}
      min={1}
      name="count"
      step={1}
      type="number"
    />
    <FormField
      formChange={[Function]}
      formData={Object {}}
      label="Reqruied Quorum for Executions"
      max={10}
      min={1}
      name="required"
      step={1}
      type="number"
    />
  </FormGroup>
  <FormField>
    <label
      htmlFor="owners"
    >
      Owners
    </label>
  </FormField>
</FormField>
`;
