// Jest Snapshot v1, https://goo.gl/fbAQLP

exports[`<MultisigKeystoreCreationForm /> renders correctly 1`] = `
<Grid
  stackable={true}
  textAlign="center"
>
  <GridColumn
    width={8}
  >
    <Header
      as="h3"
      icon={true}
    >
      <Icon
        as="i"
        color="blue"
        name="upload"
      />
      Deploy New Contract
      <HeaderSubheader
        content="Create a new contract and configure owners"
      />
    </Header>
    <Connect(NetworkSelector)
      onChange={[Function]}
    />
  </GridColumn>
  <GridColumn
    width={8}
  >
    <Header
      as="h3"
      icon={true}
    >
      <Icon
        as="i"
        color="orange"
        name="linkify"
      />
      Use Existing Address
      <HeaderSubheader
        content="Add an already-deployed multisig wallet instance"
      />
    </Header>
    <AddressInput
      formChange={[Function]}
      formData={Object {}}
      hideDropdown={true}
      name="address"
      placeholder="Enter Conrtract Address"
      showQrScanner={true}
    />
  </GridColumn>
</Grid>
`;
