// Jest Snapshot v1, https://goo.gl/fbAQLP

exports[`<MultisigKeystoreTransactionSigner /> renders correctly 1`] = `
<MultisigKeystoreTransactionProxy
  addresses={Array []}
  contract={Object {}}
  network={
    Object {
      "id": 1,
    }
  }
  txData={
    Object {
      "gas": 4000000,
    }
  }
  web3={
    Object {
      "eth": Object {
        "contract": [Function],
      },
      "isConnected": [Function],
    }
  }
  web3Redux={
    Object {
      "web3": [Function],
    }
  }
/>
`;
