// Jest Snapshot v1, https://goo.gl/fbAQLP

exports[`<BaseTokenTransferForm /> renders correctly 1`] = `
<FormField>
  <AddressInput
    formChange={[Function]}
    formData={
      Object {
        "from": "0x1234",
        "gas": 1000,
        "gasPrice": 10,
      }
    }
    hideDropdown={false}
    label="From"
    name="from"
    placeholder="e.g. \`0x123...456\`"
    showQrScanner={false}
  />
  <AddressInput
    formChange={[Function]}
    formData={
      Object {
        "from": "0x1234",
        "gas": 1000,
        "gasPrice": 10,
      }
    }
    hideDropdown={false}
    label="To"
    name="to"
    placeholder="e.g. \`0x123...456\`"
    showQrScanner={true}
  />
  <ValueInput
    color="blue"
    formChange={[Function]}
    formData={
      Object {
        "from": "0x1234",
        "gas": 1000,
        "gasPrice": 10,
      }
    }
    label="Value"
    name="ethValue"
    sendAll={Object {}}
    symbol="GBP"
  />
</FormField>
`;
