// Jest Snapshot v1, https://goo.gl/fbAQLP

exports[`<V3KeystoreDownloadButton /> renders correctly 1`] = `
<DownloadJSONButton
  getFileInfo={[Function]}
  keystore={
    Object {
      "addresses": Array [
        Object {
          "address": "0x12345",
        },
        Object {
          "address": "0x1234567",
        },
      ],
      "data": Object {
        "address": "0x1435345",
      },
      "id": 1,
    }
  }
  props={Object {}}
/>
`;
