// Jest Snapshot v1, https://goo.gl/fbAQLP

exports[`<V3KeystoreTransactionSigner /> renders correctly 1`] = `
<Form
  as="form"
  error={false}
  onSubmit={[Function]}
>
  <FormField>
    <Input
      action={
        Object {
          "color": "green",
          "content": "Sign Transaction",
          "icon": "checkmark",
          "labelPosition": "right",
        }
      }
      fluid={true}
      onChange={[Function]}
      placeholder="Enter Password"
      size="large"
      type="password"
      value=""
    />
  </FormField>
</Form>
`;
