// Jest Snapshot v1, https://goo.gl/fbAQLP

exports[`<V3KeystoreCreationForm /> renders correctly 1`] = `
<div>
  <FormField
    formChange={[Function]}
    formData={Object {}}
    label="Name"
    name="name"
    placeholder="Nickname for the Address"
  />
  <FormGroup
    widths="equal"
  >
    <FormField
      formChange={[Function]}
      formData={Object {}}
      label="Password"
      name="password"
      placeholder="Enter Password"
      type="password"
    />
    <FormField
      formChange={[Function]}
      formData={Object {}}
      label="Confirm Password"
      name="confirmPassword"
      placeholder="Confirm Password"
      type="password"
    />
  </FormGroup>
  <Advanced
    title="Advanced"
  >
    <Connect(NetworkTokensSelector)
      formChange={[Function]}
      formData={Object {}}
    />
    <p>
      Optionally override the default crypto and encryption values (do not prefix hex strings):
    </p>
    <FormGroup
      widths="equal"
    >
      <EntropyField
        formChange={[Function]}
        formData={Object {}}
        label="Private Key (hex)"
        name="privateKey"
      />
      <EntropyField
        bits={128}
        formChange={[Function]}
        formData={Object {}}
        label="Initialization Vector (hex)"
        name="iv"
      />
      <EntropyField
        formChange={[Function]}
        formData={Object {}}
        label="Salt (hex)"
        name="salt"
      />
      <FormField
        formChange={[Function]}
        formData={Object {}}
        label="Iteration Count"
        name="n"
        placeholder="1024"
        type="number"
      />
    </FormGroup>
  </Advanced>
</div>
`;
