// Jest Snapshot v1, https://goo.gl/fbAQLP

exports[`<LedgerKeystoreAddressItem /> renders correctly 1`] = `
<TableRow
  as="tr"
  cellAs="td"
  positive={true}
>
  <TableCell
    as="td"
    colSpan={1}
  >
    <Checkbox
      checked={true}
      label={
        <label
          htmlFor="0x12345"
        >
          <Image
            as="img"
            avatar={true}
            style={
              Object {
                "marginTop": "-0.4em",
              }
            }
            ui={true}
          />
           
          0x12345
        </label>
      }
      name="enabled"
      onChange={[Function]}
      tabIndex="-1"
      type="checkbox"
    />
  </TableCell>
  <TableCell
    as="td"
  >
    <Input
      fluid={true}
      name="name"
      onChange={[Function]}
      placeholder="Enter Name"
      size="small"
      style={
        Object {
          "width": "12em",
        }
      }
      type="text"
      value="test name"
    />
  </TableCell>
  <TableCell
    as="td"
  >
    <Connect(NetworkTokensSelector)
      formChange={[Function]}
      formData={
        Object {
          "enabled": true,
          "name": "test name",
        }
      }
      modal={true}
    />
  </TableCell>
</TableRow>
`;
