// Jest Snapshot v1, https://goo.gl/fbAQLP

exports[`<LedgerKeystoreAddressList /> renders correctly 1`] = `
<div>
  <div
    style={
      Object {
        "float": "right",
      }
    }
  >
    Ledger 
    1
  </div>
  <PaginationMenu
    currentPage={0}
    disabled={[Function]}
    handleNavigate={[Function]}
    itemsPerPage={5}
  />
</div>
`;
