// Jest Snapshot v1, https://goo.gl/fbAQLP

exports[`renders correctly 1`] = `
<div
  className="ui error icon message"
>
  <i
    aria-hidden="true"
    className="warning sign icon"
  />
  <div
    className="content"
  >
    <div
      className="header"
    >
      [#35]Oops, something went wrong
    </div>
    test
  </div>
</div>
`;
