// Jest Snapshot v1, https://goo.gl/fbAQLP

exports[`<ErrorMessage /> renders correctly 1`] = `
<Message
  error={true}
  icon={true}
>
  <Icon
    as="i"
    name="warning sign"
  />
  <MessageContent>
    <MessageHeader>
      Oops, something went wrong
    </MessageHeader>
    Test Error message
  </MessageContent>
</Message>
`;
