// Jest Snapshot v1, https://goo.gl/fbAQLP

exports[`<AddressBalances /> renders correctly 1`] = `
<TableCell
  as="td"
  style={
    Object {
      "minWidth": "10em",
    }
  }
>
  <div>
    <BaseTokenButton
      address={
        Object {
          "networks": Array [
            Object {
              "id": 1,
            },
            Object {
              "id": 2,
            },
          ],
          "tokens": Array [
            Object {
              "id": 1,
            },
            Object {
              "id": 2,
            },
          ],
        }
      }
      key="1"
      network={
        Object {
          "id": 1,
        }
      }
      web3Redux={Object {}}
    />
    <BaseTokenButton
      address={
        Object {
          "networks": Array [
            Object {
              "id": 1,
            },
            Object {
              "id": 2,
            },
          ],
          "tokens": Array [
            Object {
              "id": 1,
            },
            Object {
              "id": 2,
            },
          ],
        }
      }
      key="2"
      network={
        Object {
          "id": 2,
        }
      }
      web3Redux={Object {}}
    />
  </div>
  <div>
    <BaseTokenButton
      address={
        Object {
          "networks": Array [
            Object {
              "id": 1,
            },
            Object {
              "id": 2,
            },
          ],
          "tokens": Array [
            Object {
              "id": 1,
            },
            Object {
              "id": 2,
            },
          ],
        }
      }
      key="1"
      token={
        Object {
          "id": 1,
        }
      }
      web3Redux={Object {}}
    />
    <BaseTokenButton
      address={
        Object {
          "networks": Array [
            Object {
              "id": 1,
            },
            Object {
              "id": 2,
            },
          ],
          "tokens": Array [
            Object {
              "id": 1,
            },
            Object {
              "id": 2,
            },
          ],
        }
      }
      key="2"
      token={
        Object {
          "id": 2,
        }
      }
      web3Redux={Object {}}
    />
  </div>
</TableCell>
`;
