// Jest Snapshot v1, https://goo.gl/fbAQLP

exports[`<ImportKeystoreForm /> renders correctly 1`] = `
<Dropzone
  activeClassName="active"
  className="ui message info dragbox"
  disableClick={false}
  disablePreview={false}
  disabled={false}
  maxSize={Infinity}
  minSize={0}
  multiple={true}
  onDrop={[Function]}
  preventDropOnDocument={true}
>
  <div
    className="ui padded one column grid"
  >
    <div
      className="center aligned column"
    >
      <i
        className="icon upload large"
      />
      <p>
        Click or drag and drop keystore here to upload.
      </p>
    </div>
  </div>
</Dropzone>
`;
