// Jest Snapshot v1, https://goo.gl/fbAQLP

exports[`<KeystoreEditForm /> renders correctly 1`] = `
<FormField>
  <KeystoreTypeMessage
    keystoreType={
      Object {
        "id": "testId",
      }
    }
  />
  <[object Object]
    data={
      Object {
        "type": Object {
          "id": "testId",
        },
      }
    }
  />
</FormField>
`;
