// Jest Snapshot v1, https://goo.gl/fbAQLP

exports[`<KeystoreSelector /> renders correctly 1`] = `
<KeystoreMenu
  formChange={[Function]}
  formData={Object {}}
  keystoreTypes={
    Array [
      Object {
        "color": "blue",
        "icon": "testIcon",
        "id": 1,
        "name": "keystore test 1",
        "subtitle": "test subtitle",
      },
      Object {
        "color": "black",
        "icon": "testIcon2",
        "id": 2,
        "name": "keystore test 2",
        "subtitle": "test subtitle 2",
      },
    ]
  }
  resetFormData={[Function]}
/>
`;
