// Jest Snapshot v1, https://goo.gl/fbAQLP

exports[`<KeystoreMenu /> renders correctly 1`] = `
<Menu
  icon="labeled"
  stackable={true}
  widths={2}
>
  <MenuItem
    as="a"
    key="1"
    name={1}
    onClick={[Function]}
  >
    <Header
      as="h4"
      icon={true}
      style={
        Object {
          "height": "auto",
        }
      }
    >
      <Icon
        as="i"
        color="blue"
        name="testIcon"
      />
      keystore test 1
      <HeaderSubheader>
        test subtitle
      </HeaderSubheader>
    </Header>
  </MenuItem>
  <MenuItem
    as="a"
    key="2"
    name={2}
    onClick={[Function]}
  >
    <Header
      as="h4"
      icon={true}
      style={
        Object {
          "height": "auto",
        }
      }
    >
      <Icon
        as="i"
        color="black"
        name="testIcon2"
      />
      keystore test 2
      <HeaderSubheader>
        test subtitle 2
      </HeaderSubheader>
    </Header>
  </MenuItem>
</Menu>
`;
