// Jest Snapshot v1, https://goo.gl/fbAQLP

exports[`<KeystoreModal /> renders correctly 1`] = `
<EZModal
  content={[Function]}
  data={
    Object {
      "networks": undefined,
      "tokens": Array [],
    }
  }
  error={false}
  handleSubmit={[Function]}
  header={[Function]}
  loading={false}
  noSubmitButton={[Function]}
  onClose={[Function]}
  onReset={[Function]}
  trigger={<div />}
/>
`;
