// Jest Snapshot v1, https://goo.gl/fbAQLP

exports[`<KeystoreTypeMessage /> renders correctly 1`] = `
<Message
  icon={true}
  info={true}
>
  <Icon
    as="i"
    name="testIcon"
  />
  <MessageContent>
    <MessageHeader>
      keystore test 1
    </MessageHeader>
    test description
  </MessageContent>
</Message>
`;
