// Jest Snapshot v1, https://goo.gl/fbAQLP

exports[`<KeystoreButtons /> renders correctly 1`] = `
<span>
  <KeystoreModal
    createKeystore={[Function]}
    form={[Function]}
    keystoreTypes={Array []}
    keystores={Array []}
    submitFunc={[Function]}
    trigger={
      <Button
        as="button"
        basic={true}
        content="Create"
        icon="plus"
        onClick={[Function]}
      />
    }
  />
  <ImportKeystore
    createKeystore={[Function]}
    keystoreTypes={Array []}
    keystores={Array []}
    trigger={
      <Button
        as="button"
        basic={true}
        content="Import"
        icon="upload"
        onClick={[Function]}
      />
    }
  />
</span>
`;
